
  .   ____          _            __ _ _
 /\\ / ___'_ __ _ _(_)_ __  __ _ \ \ \ \
( ( )\___ | '_ | '_| | '_ \/ _` | \ \ \ \
 \\/  ___)| |_)| | | | | || (_| |  ) ) ) )
  '  |____| .__|_| |_|_| |_\__, | / / / /
 =========|_|==============|___/=/_/_/_/

 :: Spring Boot ::                (v4.0.6)

2026-05-04T00:52:10.764+06:00  INFO 19744 --- [eduadvisor2] [           main] c.e.eduadvisor2.Eduadvisor2Application   : Starting Eduadvisor2Application v0.0.1-SNAPSHOT using Java 25.0.2 with PID 19744 (D:\OOp_EduAdvisor\eduadvisor2\target\eduadvisor2-0.0.1-SNAPSHOT.jar started by Windows in D:\OOp_EduAdvisor\eduadvisor2)
2026-05-04T00:52:10.770+06:00  INFO 19744 --- [eduadvisor2] [           main] c.e.eduadvisor2.Eduadvisor2Application   : No active profile set, falling back to 1 default profile: "default"
2026-05-04T00:52:11.792+06:00  INFO 19744 --- [eduadvisor2] [           main] .s.d.r.c.RepositoryConfigurationDelegate : Bootstrapping Spring Data JPA repositories in DEFAULT mode.
2026-05-04T00:52:11.857+06:00  INFO 19744 --- [eduadvisor2] [           main] .s.d.r.c.RepositoryConfigurationDelegate : Finished Spring Data repository scanning in 53 ms. Found 5 JPA repository interfaces.
2026-05-04T00:52:12.535+06:00  INFO 19744 --- [eduadvisor2] [           main] o.s.boot.tomcat.TomcatWebServer          : Tomcat initialized with port 8081 (http)
2026-05-04T00:52:12.549+06:00  INFO 19744 --- [eduadvisor2] [           main] o.apache.catalina.core.StandardService   : Starting service [Tomcat]
2026-05-04T00:52:12.555+06:00  INFO 19744 --- [eduadvisor2] [           main] o.apache.catalina.core.StandardEngine    : Starting Servlet engine: [Apache Tomcat/11.0.21]
2026-05-04T00:52:12.583+06:00  INFO 19744 --- [eduadvisor2] [           main] b.w.c.s.WebApplicationContextInitializer : Root WebApplicationContext: initialization completed in 1738 ms
2026-05-04T00:52:12.786+06:00  INFO 19744 --- [eduadvisor2] [           main] org.hibernate.orm.jpa                    : HHH008540: Processing PersistenceUnitInfo [name: default]
2026-05-04T00:52:12.847+06:00  INFO 19744 --- [eduadvisor2] [           main] org.hibernate.orm.core                   : HHH000001: Hibernate ORM core version 7.2.12.Final
2026-05-04T00:52:13.433+06:00  INFO 19744 --- [eduadvisor2] [           main] o.s.o.j.p.SpringPersistenceUnitInfo      : No LoadTimeWeaver setup: ignoring JPA class transformer
2026-05-04T00:52:13.458+06:00  INFO 19744 --- [eduadvisor2] [           main] com.zaxxer.hikari.HikariDataSource       : HikariPool-1 - Starting...
2026-05-04T00:52:13.618+06:00  INFO 19744 --- [eduadvisor2] [           main] com.zaxxer.hikari.pool.HikariPool        : HikariPool-1 - Added connection conn0: url=jdbc:h2:mem:studentadvicedb user=SA
2026-05-04T00:52:13.620+06:00  INFO 19744 --- [eduadvisor2] [           main] com.zaxxer.hikari.HikariDataSource       : HikariPool-1 - Start completed.
2026-05-04T00:52:13.671+06:00  INFO 19744 --- [eduadvisor2] [           main] org.hibernate.orm.connections.pooling    : HHH10001005: Database info:
	Database JDBC URL [jdbc:h2:mem:studentadvicedb]
	Database driver: H2 JDBC Driver
	Database dialect: H2Dialect
	Database version: 2.4.240
	Default catalog/schema: STUDENTADVICEDB/PUBLIC
	Autocommit mode: undefined/unknown
	Isolation level: READ_COMMITTED [default READ_COMMITTED]
	JDBC fetch size: 100
	Pool: DataSourceConnectionProvider
	Minimum pool size: undefined/unknown
	Maximum pool size: undefined/unknown
2026-05-04T00:52:14.618+06:00  INFO 19744 --- [eduadvisor2] [           main] org.hibernate.orm.core                   : HHH000489: No JTA platform available (set 'hibernate.transaction.jta.platform' to enable JTA platform integration)
Hibernate: 
    drop table if exists bookings cascade 
Hibernate: 
    drop table if exists courses cascade 
Hibernate: 
    drop table if exists enrollments cascade 
Hibernate: 
    drop table if exists schedule_events cascade 
Hibernate: 
    drop table if exists students cascade 
Hibernate: 
    create table bookings (
        booked_at timestamp(6),
        id bigint generated by default as identity,
        reason varchar(1000),
        slot varchar(255),
        student_id varchar(255),
        teacher_name varchar(255),
        primary key (id)
    )
Hibernate: 
    create table courses (
        credits integer not null,
        category varchar(255),
        code varchar(255) not null,
        color varchar(255),
        days varchar(255),
        end_time varchar(255),
        instructor varchar(255),
        name varchar(255),
        room varchar(255),
        start_time varchar(255),
        primary key (code)
    )
Hibernate: 
    create table enrollments (
        enrolled_at timestamp(6),
        id bigint generated by default as identity,
        course_id varchar(255) not null,
        student_id varchar(255),
        primary key (id)
    )
Hibernate: 
    create table schedule_events (
        created_at timestamp(6),
        id bigint generated by default as identity,
        date varchar(255),
        student_id varchar(255),
        time varchar(255),
        title varchar(255),
        type varchar(255),
        primary key (id)
    )
Hibernate: 
    create table students (
        credits_completed integer,
        gpa float(53),
        id bigint generated by default as identity,
        academic_year varchar(255),
        email varchar(255),
        name varchar(255),
        password varchar(255),
        program varchar(255),
        student_id varchar(255) not null unique,
        primary key (id)
    )
Hibernate: 
    alter table if exists enrollments 
       add constraint FKho8mcicp4196ebpltdn9wl6co 
       foreign key (course_id) 
       references courses
2026-05-04T00:52:14.677+06:00  INFO 19744 --- [eduadvisor2] [           main] j.LocalContainerEntityManagerFactoryBean : Initialized JPA EntityManagerFactory for persistence unit 'default'
2026-05-04T00:52:14.756+06:00  INFO 19744 --- [eduadvisor2] [           main] o.s.d.j.r.query.QueryEnhancerFactories   : Hibernate is in classpath; If applicable, HQL parser will be used.
2026-05-04T00:52:15.057+06:00  INFO 19744 --- [eduadvisor2] [           main] o.s.b.w.a.WelcomePageHandlerMapping      : Adding welcome page template: index
2026-05-04T00:52:15.529+06:00  INFO 19744 --- [eduadvisor2] [           main] o.s.boot.tomcat.TomcatWebServer          : Tomcat started on port 8081 (http) with context path '/'
2026-05-04T00:52:15.543+06:00  INFO 19744 --- [eduadvisor2] [           main] c.e.eduadvisor2.Eduadvisor2Application   : Started Eduadvisor2Application in 5.354 seconds (process running for 6.001)
Hibernate: 
    select
        count(*) 
    from
        students s1_0
Hibernate: 
    insert 
    into
        students
        (academic_year, credits_completed, email, gpa, name, password, program, student_id, id) 
    values
        (?, ?, ?, ?, ?, ?, ?, ?, default)
Hibernate: 
    select
        count(*) 
    from
        courses c1_0
Hibernate: 
    select
        c1_0.code,
        c1_0.category,
        c1_0.color,
        c1_0.credits,
        c1_0.days,
        c1_0.end_time,
        c1_0.instructor,
        c1_0.name,
        c1_0.room,
        c1_0.start_time 
    from
        courses c1_0 
    where
        c1_0.code=?
Hibernate: 
    insert 
    into
        courses
        (category, color, credits, days, end_time, instructor, name, room, start_time, code) 
    values
        (?, ?, ?, ?, ?, ?, ?, ?, ?, ?)
Hibernate: 
    select
        c1_0.code,
        c1_0.category,
        c1_0.color,
        c1_0.credits,
        c1_0.days,
        c1_0.end_time,
        c1_0.instructor,
        c1_0.name,
        c1_0.room,
        c1_0.start_time 
    from
        courses c1_0 
    where
        c1_0.code=?
Hibernate: 
    insert 
    into
        courses
        (category, color, credits, days, end_time, instructor, name, room, start_time, code) 
    values
        (?, ?, ?, ?, ?, ?, ?, ?, ?, ?)
Hibernate: 
    select
        c1_0.code,
        c1_0.category,
        c1_0.color,
        c1_0.credits,
        c1_0.days,
        c1_0.end_time,
        c1_0.instructor,
        c1_0.name,
        c1_0.room,
        c1_0.start_time 
    from
        courses c1_0 
    where
        c1_0.code=?
Hibernate: 
    insert 
    into
        courses
        (category, color, credits, days, end_time, instructor, name, room, start_time, code) 
    values
        (?, ?, ?, ?, ?, ?, ?, ?, ?, ?)
Hibernate: 
    select
        c1_0.code,
        c1_0.category,
        c1_0.color,
        c1_0.credits,
        c1_0.days,
        c1_0.end_time,
        c1_0.instructor,
        c1_0.name,
        c1_0.room,
        c1_0.start_time 
    from
        courses c1_0 
    where
        c1_0.code=?
Hibernate: 
    insert 
    into
        courses
        (category, color, credits, days, end_time, instructor, name, room, start_time, code) 
    values
        (?, ?, ?, ?, ?, ?, ?, ?, ?, ?)
Hibernate: 
    select
        c1_0.code,
        c1_0.category,
        c1_0.color,
        c1_0.credits,
        c1_0.days,
        c1_0.end_time,
        c1_0.instructor,
        c1_0.name,
        c1_0.room,
        c1_0.start_time 
    from
        courses c1_0 
    where
        c1_0.code=?
Hibernate: 
    insert 
    into
        courses
        (category, color, credits, days, end_time, instructor, name, room, start_time, code) 
    values
        (?, ?, ?, ?, ?, ?, ?, ?, ?, ?)
Hibernate: 
    select
        c1_0.code,
        c1_0.category,
        c1_0.color,
        c1_0.credits,
        c1_0.days,
        c1_0.end_time,
        c1_0.instructor,
        c1_0.name,
        c1_0.room,
        c1_0.start_time 
    from
        courses c1_0 
    where
        c1_0.code=?
Hibernate: 
    insert 
    into
        courses
        (category, color, credits, days, end_time, instructor, name, room, start_time, code) 
    values
        (?, ?, ?, ?, ?, ?, ?, ?, ?, ?)
Hibernate: 
    select
        c1_0.code,
        c1_0.category,
        c1_0.color,
        c1_0.credits,
        c1_0.days,
        c1_0.end_time,
        c1_0.instructor,
        c1_0.name,
        c1_0.room,
        c1_0.start_time 
    from
        courses c1_0 
    where
        c1_0.code=?
Hibernate: 
    insert 
    into
        courses
        (category, color, credits, days, end_time, instructor, name, room, start_time, code) 
    values
        (?, ?, ?, ?, ?, ?, ?, ?, ?, ?)
Hibernate: 
    select
        c1_0.code,
        c1_0.category,
        c1_0.color,
        c1_0.credits,
        c1_0.days,
        c1_0.end_time,
        c1_0.instructor,
        c1_0.name,
        c1_0.room,
        c1_0.start_time 
    from
        courses c1_0 
    where
        c1_0.code=?
Hibernate: 
    insert 
    into
        courses
        (category, color, credits, days, end_time, instructor, name, room, start_time, code) 
    values
        (?, ?, ?, ?, ?, ?, ?, ?, ?, ?)
Hibernate: 
    select
        c1_0.code,
        c1_0.category,
        c1_0.color,
        c1_0.credits,
        c1_0.days,
        c1_0.end_time,
        c1_0.instructor,
        c1_0.name,
        c1_0.room,
        c1_0.start_time 
    from
        courses c1_0 
    where
        c1_0.code=?
Hibernate: 
    insert 
    into
        courses
        (category, color, credits, days, end_time, instructor, name, room, start_time, code) 
    values
        (?, ?, ?, ?, ?, ?, ?, ?, ?, ?)
Hibernate: 
    select
        c1_0.code,
        c1_0.category,
        c1_0.color,
        c1_0.credits,
        c1_0.days,
        c1_0.end_time,
        c1_0.instructor,
        c1_0.name,
        c1_0.room,
        c1_0.start_time 
    from
        courses c1_0 
    where
        c1_0.code=?
Hibernate: 
    insert 
    into
        courses
        (category, color, credits, days, end_time, instructor, name, room, start_time, code) 
    values
        (?, ?, ?, ?, ?, ?, ?, ?, ?, ?)
Hibernate: 
    select
        c1_0.code,
        c1_0.category,
        c1_0.color,
        c1_0.credits,
        c1_0.days,
        c1_0.end_time,
        c1_0.instructor,
        c1_0.name,
        c1_0.room,
        c1_0.start_time 
    from
        courses c1_0 
    where
        c1_0.code=?
Hibernate: 
    insert 
    into
        courses
        (category, color, credits, days, end_time, instructor, name, room, start_time, code) 
    values
        (?, ?, ?, ?, ?, ?, ?, ?, ?, ?)
Hibernate: 
    select
        c1_0.code,
        c1_0.category,
        c1_0.color,
        c1_0.credits,
        c1_0.days,
        c1_0.end_time,
        c1_0.instructor,
        c1_0.name,
        c1_0.room,
        c1_0.start_time 
    from
        courses c1_0 
    where
        c1_0.code=?
Hibernate: 
    insert 
    into
        courses
        (category, color, credits, days, end_time, instructor, name, room, start_time, code) 
    values
        (?, ?, ?, ?, ?, ?, ?, ?, ?, ?)
Hibernate: 
    select
        c1_0.code,
        c1_0.category,
        c1_0.color,
        c1_0.credits,
        c1_0.days,
        c1_0.end_time,
        c1_0.instructor,
        c1_0.name,
        c1_0.room,
        c1_0.start_time 
    from
        courses c1_0 
    where
        c1_0.code=?
Hibernate: 
    insert 
    into
        courses
        (category, color, credits, days, end_time, instructor, name, room, start_time, code) 
    values
        (?, ?, ?, ?, ?, ?, ?, ?, ?, ?)
Hibernate: 
    select
        c1_0.code,
        c1_0.category,
        c1_0.color,
        c1_0.credits,
        c1_0.days,
        c1_0.end_time,
        c1_0.instructor,
        c1_0.name,
        c1_0.room,
        c1_0.start_time 
    from
        courses c1_0 
    where
        c1_0.code=?
Hibernate: 
    insert 
    into
        courses
        (category, color, credits, days, end_time, instructor, name, room, start_time, code) 
    values
        (?, ?, ?, ?, ?, ?, ?, ?, ?, ?)
Hibernate: 
    select
        c1_0.code,
        c1_0.category,
        c1_0.color,
        c1_0.credits,
        c1_0.days,
        c1_0.end_time,
        c1_0.instructor,
        c1_0.name,
        c1_0.room,
        c1_0.start_time 
    from
        courses c1_0 
    where
        c1_0.code=?
Hibernate: 
    insert 
    into
        courses
        (category, color, credits, days, end_time, instructor, name, room, start_time, code) 
    values
        (?, ?, ?, ?, ?, ?, ?, ?, ?, ?)
Hibernate: 
    select
        c1_0.code,
        c1_0.category,
        c1_0.color,
        c1_0.credits,
        c1_0.days,
        c1_0.end_time,
        c1_0.instructor,
        c1_0.name,
        c1_0.room,
        c1_0.start_time 
    from
        courses c1_0 
    where
        c1_0.code=?
Hibernate: 
    insert 
    into
        courses
        (category, color, credits, days, end_time, instructor, name, room, start_time, code) 
    values
        (?, ?, ?, ?, ?, ?, ?, ?, ?, ?)
Hibernate: 
    select
        c1_0.code,
        c1_0.category,
        c1_0.color,
        c1_0.credits,
        c1_0.days,
        c1_0.end_time,
        c1_0.instructor,
        c1_0.name,
        c1_0.room,
        c1_0.start_time 
    from
        courses c1_0 
    where
        c1_0.code=?
Hibernate: 
    insert 
    into
        courses
        (category, color, credits, days, end_time, instructor, name, room, start_time, code) 
    values
        (?, ?, ?, ?, ?, ?, ?, ?, ?, ?)
Hibernate: 
    select
        c1_0.code,
        c1_0.category,
        c1_0.color,
        c1_0.credits,
        c1_0.days,
        c1_0.end_time,
        c1_0.instructor,
        c1_0.name,
        c1_0.room,
        c1_0.start_time 
    from
        courses c1_0 
    where
        c1_0.code=?
Hibernate: 
    insert 
    into
        courses
        (category, color, credits, days, end_time, instructor, name, room, start_time, code) 
    values
        (?, ?, ?, ?, ?, ?, ?, ?, ?, ?)
Hibernate: 
    select
        c1_0.code,
        c1_0.category,
        c1_0.color,
        c1_0.credits,
        c1_0.days,
        c1_0.end_time,
        c1_0.instructor,
        c1_0.name,
        c1_0.room,
        c1_0.start_time 
    from
        courses c1_0 
    where
        c1_0.code=?
Hibernate: 
    insert 
    into
        courses
        (category, color, credits, days, end_time, instructor, name, room, start_time, code) 
    values
        (?, ?, ?, ?, ?, ?, ?, ?, ?, ?)
Hibernate: 
    select
        c1_0.code,
        c1_0.category,
        c1_0.color,
        c1_0.credits,
        c1_0.days,
        c1_0.end_time,
        c1_0.instructor,
        c1_0.name,
        c1_0.room,
        c1_0.start_time 
    from
        courses c1_0 
    where
        c1_0.code=?
Hibernate: 
    insert 
    into
        courses
        (category, color, credits, days, end_time, instructor, name, room, start_time, code) 
    values
        (?, ?, ?, ?, ?, ?, ?, ?, ?, ?)
Hibernate: 
    select
        count(*) 
    from
        enrollments e1_0
Hibernate: 
    select
        c1_0.code,
        c1_0.category,
        c1_0.color,
        c1_0.credits,
        c1_0.days,
        c1_0.end_time,
        c1_0.instructor,
        c1_0.name,
        c1_0.room,
        c1_0.start_time 
    from
        courses c1_0 
    where
        c1_0.code=?
Hibernate: 
    select
        null,
        c1_0.category,
        c1_0.color,
        c1_0.credits,
        c1_0.days,
        c1_0.end_time,
        c1_0.instructor,
        c1_0.name,
        c1_0.room,
        c1_0.start_time 
    from
        courses c1_0 
    where
        c1_0.code=?
Hibernate: 
    insert 
    into
        enrollments
        (course_id, enrolled_at, student_id, id) 
    values
        (?, ?, ?, default)
Hibernate: 
    select
        c1_0.code,
        c1_0.category,
        c1_0.color,
        c1_0.credits,
        c1_0.days,
        c1_0.end_time,
        c1_0.instructor,
        c1_0.name,
        c1_0.room,
        c1_0.start_time 
    from
        courses c1_0 
    where
        c1_0.code=?
Hibernate: 
    select
        null,
        c1_0.category,
        c1_0.color,
        c1_0.credits,
        c1_0.days,
        c1_0.end_time,
        c1_0.instructor,
        c1_0.name,
        c1_0.room,
        c1_0.start_time 
    from
        courses c1_0 
    where
        c1_0.code=?
Hibernate: 
    insert 
    into
        enrollments
        (course_id, enrolled_at, student_id, id) 
    values
        (?, ?, ?, default)
Hibernate: 
    select
        c1_0.code,
        c1_0.category,
        c1_0.color,
        c1_0.credits,
        c1_0.days,
        c1_0.end_time,
        c1_0.instructor,
        c1_0.name,
        c1_0.room,
        c1_0.start_time 
    from
        courses c1_0 
    where
        c1_0.code=?
Hibernate: 
    select
        null,
        c1_0.category,
        c1_0.color,
        c1_0.credits,
        c1_0.days,
        c1_0.end_time,
        c1_0.instructor,
        c1_0.name,
        c1_0.room,
        c1_0.start_time 
    from
        courses c1_0 
    where
        c1_0.code=?
Hibernate: 
    insert 
    into
        enrollments
        (course_id, enrolled_at, student_id, id) 
    values
        (?, ?, ?, default)
Hibernate: 
    select
        c1_0.code,
        c1_0.category,
        c1_0.color,
        c1_0.credits,
        c1_0.days,
        c1_0.end_time,
        c1_0.instructor,
        c1_0.name,
        c1_0.room,
        c1_0.start_time 
    from
        courses c1_0 
    where
        c1_0.code=?
Hibernate: 
    select
        null,
        c1_0.category,
        c1_0.color,
        c1_0.credits,
        c1_0.days,
        c1_0.end_time,
        c1_0.instructor,
        c1_0.name,
        c1_0.room,
        c1_0.start_time 
    from
        courses c1_0 
    where
        c1_0.code=?
Hibernate: 
    insert 
    into
        enrollments
        (course_id, enrolled_at, student_id, id) 
    values
        (?, ?, ?, default)
Hibernate: 
    select
        c1_0.code,
        c1_0.category,
        c1_0.color,
        c1_0.credits,
        c1_0.days,
        c1_0.end_time,
        c1_0.instructor,
        c1_0.name,
        c1_0.room,
        c1_0.start_time 
    from
        courses c1_0 
    where
        c1_0.code=?
Hibernate: 
    select
        null,
        c1_0.category,
        c1_0.color,
        c1_0.credits,
        c1_0.days,
        c1_0.end_time,
        c1_0.instructor,
        c1_0.name,
        c1_0.room,
        c1_0.start_time 
    from
        courses c1_0 
    where
        c1_0.code=?
Hibernate: 
    insert 
    into
        enrollments
        (course_id, enrolled_at, student_id, id) 
    values
        (?, ?, ?, default)
2026-05-04T00:52:25.612+06:00  INFO 19744 --- [eduadvisor2] [nio-8081-exec-1] o.a.c.c.C.[Tomcat].[localhost].[/]       : Initializing Spring DispatcherServlet 'dispatcherServlet'
2026-05-04T00:52:25.613+06:00  INFO 19744 --- [eduadvisor2] [nio-8081-exec-1] o.s.web.servlet.DispatcherServlet        : Initializing Servlet 'dispatcherServlet'
2026-05-04T00:52:25.614+06:00  INFO 19744 --- [eduadvisor2] [nio-8081-exec-1] o.s.web.servlet.DispatcherServlet        : Completed initialization in 1 ms
Hibernate: 
    select
        s1_0.id,
        s1_0.academic_year,
        s1_0.credits_completed,
        s1_0.email,
        s1_0.gpa,
        s1_0.name,
        s1_0.password,
        s1_0.program,
        s1_0.student_id 
    from
        students s1_0 
    where
        s1_0.student_id=?
Hibernate: 
    select
        s1_0.id,
        s1_0.academic_year,
        s1_0.credits_completed,
        s1_0.email,
        s1_0.gpa,
        s1_0.name,
        s1_0.password,
        s1_0.program,
        s1_0.student_id 
    from
        students s1_0 
    where
        s1_0.student_id=?
Hibernate: 
    select
        e1_0.id,
        e1_0.course_id,
        e1_0.enrolled_at,
        e1_0.student_id 
    from
        enrollments e1_0 
    where
        e1_0.student_id=?
Hibernate: 
    select
        c1_0.code,
        c1_0.category,
        c1_0.color,
        c1_0.credits,
        c1_0.days,
        c1_0.end_time,
        c1_0.instructor,
        c1_0.name,
        c1_0.room,
        c1_0.start_time 
    from
        courses c1_0 
    where
        c1_0.code=?
Hibernate: 
    select
        c1_0.code,
        c1_0.category,
        c1_0.color,
        c1_0.credits,
        c1_0.days,
        c1_0.end_time,
        c1_0.instructor,
        c1_0.name,
        c1_0.room,
        c1_0.start_time 
    from
        courses c1_0 
    where
        c1_0.code=?
Hibernate: 
    select
        c1_0.code,
        c1_0.category,
        c1_0.color,
        c1_0.credits,
        c1_0.days,
        c1_0.end_time,
        c1_0.instructor,
        c1_0.name,
        c1_0.room,
        c1_0.start_time 
    from
        courses c1_0 
    where
        c1_0.code=?
Hibernate: 
    select
        c1_0.code,
        c1_0.category,
        c1_0.color,
        c1_0.credits,
        c1_0.days,
        c1_0.end_time,
        c1_0.instructor,
        c1_0.name,
        c1_0.room,
        c1_0.start_time 
    from
        courses c1_0 
    where
        c1_0.code=?
Hibernate: 
    select
        c1_0.code,
        c1_0.category,
        c1_0.color,
        c1_0.credits,
        c1_0.days,
        c1_0.end_time,
        c1_0.instructor,
        c1_0.name,
        c1_0.room,
        c1_0.start_time 
    from
        courses c1_0 
    where
        c1_0.code=?
Hibernate: 
    select
        s1_0.id,
        s1_0.academic_year,
        s1_0.credits_completed,
        s1_0.email,
        s1_0.gpa,
        s1_0.name,
        s1_0.password,
        s1_0.program,
        s1_0.student_id 
    from
        students s1_0 
    where
        s1_0.student_id=?
Hibernate: 
    select
        s1_0.id,
        s1_0.academic_year,
        s1_0.credits_completed,
        s1_0.email,
        s1_0.gpa,
        s1_0.name,
        s1_0.password,
        s1_0.program,
        s1_0.student_id 
    from
        students s1_0 
    where
        s1_0.student_id=?
Hibernate: 
    select
        e1_0.id,
        e1_0.course_id,
        e1_0.enrolled_at,
        e1_0.student_id 
    from
        enrollments e1_0 
    where
        e1_0.student_id=?
Hibernate: 
    select
        c1_0.code,
        c1_0.category,
        c1_0.color,
        c1_0.credits,
        c1_0.days,
        c1_0.end_time,
        c1_0.instructor,
        c1_0.name,
        c1_0.room,
        c1_0.start_time 
    from
        courses c1_0 
    where
        c1_0.code=?
Hibernate: 
    select
        c1_0.code,
        c1_0.category,
        c1_0.color,
        c1_0.credits,
        c1_0.days,
        c1_0.end_time,
        c1_0.instructor,
        c1_0.name,
        c1_0.room,
        c1_0.start_time 
    from
        courses c1_0 
    where
        c1_0.code=?
Hibernate: 
    select
        c1_0.code,
        c1_0.category,
        c1_0.color,
        c1_0.credits,
        c1_0.days,
        c1_0.end_time,
        c1_0.instructor,
        c1_0.name,
        c1_0.room,
        c1_0.start_time 
    from
        courses c1_0 
    where
        c1_0.code=?
Hibernate: 
    select
        c1_0.code,
        c1_0.category,
        c1_0.color,
        c1_0.credits,
        c1_0.days,
        c1_0.end_time,
        c1_0.instructor,
        c1_0.name,
        c1_0.room,
        c1_0.start_time 
    from
        courses c1_0 
    where
        c1_0.code=?
Hibernate: 
    select
        c1_0.code,
        c1_0.category,
        c1_0.color,
        c1_0.credits,
        c1_0.days,
        c1_0.end_time,
        c1_0.instructor,
        c1_0.name,
        c1_0.room,
        c1_0.start_time 
    from
        courses c1_0 
    where
        c1_0.code=?
Hibernate: 
    select
        c1_0.code,
        c1_0.category,
        c1_0.color,
        c1_0.credits,
        c1_0.days,
        c1_0.end_time,
        c1_0.instructor,
        c1_0.name,
        c1_0.room,
        c1_0.start_time 
    from
        courses c1_0
Hibernate: 
    insert 
    into
        schedule_events
        (created_at, date, student_id, time, title, type, id) 
    values
        (?, ?, ?, ?, ?, ?, default)
Hibernate: 
    insert 
    into
        bookings
        (booked_at, reason, slot, student_id, teacher_name, id) 
    values
        (?, ?, ?, ?, ?, default)
